// Jest Snapshot v1, https://goo.gl/fbAQLP

exports[`ConnectedApp maps store state to the props 1`] = `
<ConnectedPointer
  addFavourite={[Function]}
  removeFavourite={[Function]}
  store={
    Object {
      "clearActions": [Function],
      "dispatch": [Function],
      "getActions": [Function],
      "getState": [Function],
      "replaceReducer": [Function],
      "subscribe": [Function],
    }
  }
/>
`;

exports[`Pointer matches the snapshot 1`] = `
<div
  className="undefined"
  onClick={[Function]}
  style={
    Object {
      "left": 99,
      "top": 88,
    }
  }
>
  <div
    className="undefined"
  >
    <header>
      <h3>
        Somewhere
      </h3>
      <div>
        <a
          href="#favourite"
          onClick={[Function]}
        >
          –
        </a>
        <a
          href="#toggle"
          onClick={[Function]}
        >
          ×
        </a>
      </div>
    </header>
    <p>
      House: 
      Bungalow
    </p>
    <p>
      Words: 
      Hello
    </p>
  </div>
</div>
`;
